

================================================================================
 Black Spearman v1.3 诊断日志  2026-08-14 13:39:13
================================================================================
[13:39:13.642][INFO] 日志系统已初始化: D:\Steam\steamapps\common\BadNorth\BepInEx\plugins\BadNorthBlackSpearman1.3.log
[13:39:13.674][INFO] [PATCH] 已 Patch LevelNode.Setup（用于把新单位注入敌人生成池）
[13:39:13.682][INFO] [PATCH] 已 Patch Swordsman.range（长矛攻击距离）
[13:39:13.688][INFO] [PATCH] 已 Patch Swordsman.GetAttack（长矛攻击）
[13:39:13.689][INFO] [BS v1.3] Ready. 新单位: Viking_BlackSpearman
[13:39:13.691][INFO] [配置] Source=Viking_Sword New=Viking_BlackSpearman Bounty=8 SpawnChance=0.7 ForceFirstWave=False DMG=1.6 KB=2.5 Stun=1.2 Scale=1.05 Recolor=True WeaponSwap=True Charge=True Stab=True
[13:39:14.312][INFO] [BOOT] GameSetup.Awake 完成，dict 现有 0 个条目: 
[13:39:14.314][INFO] [REGISTER] 等待源单位 Viking_Sword 注册（当前 dict 条目 0），稍后重试
[13:39:17.635][INFO] [BOOT] GameSetup.Awake 完成，dict 现有 0 个条目: 
[13:39:17.638][INFO] [REGISTER] 等待源单位 Viking_Sword 注册（当前 dict 条目 0），稍后重试
[13:39:17.649][INFO] [BOOT] GameSetup.Awake 完成，dict 现有 0 个条目: 
[13:39:17.651][INFO] [REGISTER] 等待源单位 Viking_Sword 注册（当前 dict 条目 0），稍后重试
[13:39:17.789][INFO] [BOOT] GameSetup.Awake 完成，dict 现有 0 个条目: 
[13:39:17.791][INFO] [REGISTER] 等待源单位 Viking_Sword 注册（当前 dict 条目 0），稍后重试
[13:39:18.722][INFO] [BOOT] GameSetup.Awake 完成，dict 现有 0 个条目: 
[13:39:18.724][INFO] [REGISTER] 等待源单位 Viking_Sword 注册（当前 dict 条目 0），稍后重试
[13:39:18.863][INFO] [BOOT] GameSetup.Awake 完成，dict 现有 0 个条目: 
[13:39:18.865][INFO] [REGISTER] 等待源单位 Viking_Sword 注册（当前 dict 条目 0），稍后重试

---- [心跳] ----
dict 注册表条目数 = 0
dict 键 = 
新单位已注册 = False
已处理黑矛兵 Agent 数 = 0
----------------

---- [心跳] ----
dict 注册表条目数 = 0
dict 键 = 
新单位已注册 = False
已处理黑矛兵 Agent 数 = 0
----------------

---- [心跳] ----
dict 注册表条目数 = 0
dict 键 = 
新单位已注册 = False
已处理黑矛兵 Agent 数 = 0
----------------

---- [心跳] ----
dict 注册表条目数 = 0
dict 键 = 
新单位已注册 = False
已处理黑矛兵 Agent 数 = 0
----------------

---- [心跳] ----
dict 注册表条目数 = 0
dict 键 = 
新单位已注册 = False
已处理黑矛兵 Agent 数 = 0
----------------

---- [心跳] ----
dict 注册表条目数 = 0
dict 键 = 
新单位已注册 = False
已处理黑矛兵 Agent 数 = 0
----------------

---- [心跳] ----
dict 注册表条目数 = 0
dict 键 = 
新单位已注册 = False
已处理黑矛兵 Agent 数 = 0
----------------

---- [心跳] ----
dict 注册表条目数 = 0
dict 键 = 
新单位已注册 = False
已处理黑矛兵 Agent 数 = 0
----------------

---- [心跳] ----
dict 注册表条目数 = 0
dict 键 = 
新单位已注册 = False
已处理黑矛兵 Agent 数 = 0
----------------

---- [心跳] ----
dict 注册表条目数 = 0
dict 键 = 
新单位已注册 = False
已处理黑矛兵 Agent 数 = 0
----------------

---- [心跳] ----
dict 注册表条目数 = 0
dict 键 = 
新单位已注册 = False
已处理黑矛兵 Agent 数 = 0
----------------

---- [心跳] ----
dict 注册表条目数 = 0
dict 键 = 
新单位已注册 = False
已处理黑矛兵 Agent 数 = 0
----------------

---- [心跳] ----
dict 注册表条目数 = 0
dict 键 = 
新单位已注册 = False
已处理黑矛兵 Agent 数 = 0
----------------

---- [心跳] ----
dict 注册表条目数 = 0
dict 键 = 
新单位已注册 = False
已处理黑矛兵 Agent 数 = 0
----------------

---- [心跳] ----
dict 注册表条目数 = 0
dict 键 = 
新单位已注册 = False
已处理黑矛兵 Agent 数 = 0
----------------

---- [心跳] ----
dict 注册表条目数 = 0
dict 键 = 
新单位已注册 = False
已处理黑矛兵 Agent 数 = 0
----------------

---- [心跳] ----
dict 注册表条目数 = 0
dict 键 = 
新单位已注册 = False
已处理黑矛兵 Agent 数 = 0
----------------

---- [心跳] ----
dict 注册表条目数 = 0
dict 键 = 
新单位已注册 = False
已处理黑矛兵 Agent 数 = 0
----------------

---- [心跳] ----
dict 注册表条目数 = 0
dict 键 = 
新单位已注册 = False
已处理黑矛兵 Agent 数 = 0
----------------

---- [心跳] ----
dict 注册表条目数 = 0
dict 键 = 
新单位已注册 = False
已处理黑矛兵 Agent 数 = 0
----------------

---- [心跳] ----
dict 注册表条目数 = 0
dict 键 = 
新单位已注册 = False
已处理黑矛兵 Agent 数 = 0
----------------

---- [心跳] ----
dict 注册表条目数 = 0
dict 键 = 
新单位已注册 = False
已处理黑矛兵 Agent 数 = 0
----------------

---- [心跳] ----
dict 注册表条目数 = 0
dict 键 = 
新单位已注册 = False
已处理黑矛兵 Agent 数 = 0
----------------

---- [心跳] ----
dict 注册表条目数 = 0
dict 键 = 
新单位已注册 = False
已处理黑矛兵 Agent 数 = 0
----------------

---- [心跳] ----
dict 注册表条目数 = 0
dict 键 = 
新单位已注册 = False
已处理黑矛兵 Agent 数 = 0
----------------

---- [心跳] ----
dict 注册表条目数 = 0
dict 键 = 
新单位已注册 = False
已处理黑矛兵 Agent 数 = 0
----------------

---- [心跳] ----
dict 注册表条目数 = 0
dict 键 = 
新单位已注册 = False
已处理黑矛兵 Agent 数 = 0
----------------

---- [心跳] ----
dict 注册表条目数 = 0
dict 键 = 
新单位已注册 = False
已处理黑矛兵 Agent 数 = 0
----------------

---- [心跳] ----
dict 注册表条目数 = 0
dict 键 = 
新单位已注册 = False
已处理黑矛兵 Agent 数 = 0
----------------

---- [心跳] ----
dict 注册表条目数 = 0
dict 键 = 
新单位已注册 = False
已处理黑矛兵 Agent 数 = 0
----------------

---- [心跳] ----
dict 注册表条目数 = 0
dict 键 = 
新单位已注册 = False
已处理黑矛兵 Agent 数 = 0
----------------

---- [心跳] ----
dict 注册表条目数 = 0
dict 键 = 
新单位已注册 = False
已处理黑矛兵 Agent 数 = 0
----------------

---- [心跳] ----
dict 注册表条目数 = 0
dict 键 = 
新单位已注册 = False
已处理黑矛兵 Agent 数 = 0
----------------

---- [心跳] ----
dict 注册表条目数 = 0
dict 键 = 
新单位已注册 = False
已处理黑矛兵 Agent 数 = 0
----------------
[13:43:59.527][INFO] [BOOT] GameSetup.Awake 完成，dict 现有 0 个条目: 
[13:43:59.531][INFO] [REGISTER] 等待源单位 Viking_Sword 注册（当前 dict 条目 0），稍后重试
[13:43:59.578][INFO] [BOOT] GameSetup.Awake 完成，dict 现有 0 个条目: 
[13:43:59.581][INFO] [REGISTER] 等待源单位 Viking_Sword 注册（当前 dict 条目 0），稍后重试
[13:43:59.657][INFO] [BOOT] GameSetup.Awake 完成，dict 现有 0 个条目: 
[13:43:59.660][INFO] [REGISTER] 等待源单位 Viking_Sword 注册（当前 dict 条目 0），稍后重试
[13:43:59.678][INFO] [BOOT] GameSetup.Awake 完成，dict 现有 22 个条目: Viking_Sword, Viking_SwordShield, Viking_Archer, Viking_Berserker, Viking_AxeThrower, Viking_Tank, Viking_TankArcher, Viking_Twohanded, Forest_Grass, Forest_Flowers, Forest_Tombstones, Forest_Shrooms, Forest_Spruce, Forest_Balls, Forest_Trunks, OrangeFall, YellowFall, BluishTrees, Evergreen, NormalGrass, BluishGrass, YellowGrass
[13:43:59.686][INFO] [REGISTER] 已生成剥离模板: 删除Arsonist=False 删除Shield=False，子对象已按名称禁用
[13:43:59.688][INFO] [REGISTER] 已新建并注册 Viking_BlackSpearman (type=SwordShield, bounty=8)
[REGISTER] 注册后 dict 键: Viking_Sword, Viking_SwordShield, Viking_Archer, Viking_Berserker, Viking_AxeThrower, Viking_Tank, Viking_TankArcher, Viking_Twohanded, Forest_Grass, Forest_Flowers, Forest_Tombstones, Forest_Shrooms, Forest_Spruce, Forest_Balls, Forest_Trunks, OrangeFall, YellowFall, BluishTrees, Evergreen, NormalGrass, BluishGrass, YellowGrass, Viking_BlackSpearman

---- [心跳] ----
dict 注册表条目数 = 23
dict 键 = Viking_Sword, Viking_SwordShield, Viking_Archer, Viking_Berserker, Viking_AxeThrower, Viking_Tank, Viking_TankArcher, Viking_Twohanded, Forest_Grass, Forest_Flowers, Forest_Tombstones, Forest_Shrooms, Forest_Spruce, Forest_Balls, Forest_Trunks, OrangeFall, YellowFall, BluishTrees, Evergreen, NormalGrass, BluishGrass, YellowGrass, Viking_BlackSpearman
新单位已注册 = True
新单位 vikingClone=True, agent=True
已处理黑矛兵 Agent 数 = 0
----------------
[13:44:01.024][INFO] [ART] 美术图标已应用: sprite2=True

[注册后·延迟检查] VikingReference 字段:
  ┌─ Voxels.TowerDefense.VikingReference
  │  VikingAgent viking = VikingAgent(BlackSpearman_StrippedTemplate)
  │  VikingAgent vikingClone = VikingAgent(BlackSpearman_StrippedTemplate(Clone))
  │  Type type = SwordShield
  │  Int32 bounty = 8
  │  Sprite sprite2 = Sprite()
  │  FabricEventReference approachAudioId = Mus/VikingSwordWave (1560522344)
  │  FabricEventReference arriveAudioId = Mus/VikingSwordSting (1128412242)
  │  Boolean initialized = False
  │  Single bottom = 0.2
  │  Single top = 0.3
  │  Vector3 offset = (0.0, 0.0, 0.0)
  │  Material material = null
  │  Key key = Misc
  │  [prop] Agent agent = Agent(BlackSpearman_StrippedTemplate(Clone))
  │  [prop] Boolean seen = True
  │  [prop] Boolean useGUILayout = True
  │  [prop] Boolean enabled = True
  │  [prop] Boolean isActiveAndEnabled = True
  │  [prop] Transform transform = Transform(Viking_BlackSpearman)
  │  [prop] GameObject gameObject = GameObject(Viking_BlackSpearman)
  │  [prop] String tag = "Untagged"
  │  [prop] String name = "Viking_BlackSpearman"
  │  [prop] HideFlags hideFlags = None
  └─

[注册后·延迟检查] GameObject 层级:
GameObject: Viking_BlackSpearman
  · UnityEngine.Transform
  · ArcConsistency.DomainBool
  · Voxels.TowerDefense.VikingReference
  GameObject: Container [inactive]
    · UnityEngine.Transform
    GameObject: BlackSpearman_StrippedTemplate(Clone)
      · UnityEngine.Transform
      · UnityEngine.Animator
      · UnityEngine.SphereCollider
      · Voxels.TowerDefense.Agent
      · Voxels.TowerDefense.Death
      · Voxels.TowerDefense.Pirate
      · Voxels.TowerDefense.VikingAgent
      · Voxels.TowerDefense.Swordsman
      · Voxels.TowerDefense.Ragdoller
      · Voxels.TowerDefense.Body
      · Voxels.TowerDefense.KillAllEnemies
      · Voxels.TowerDefense.Stun
      GameObject: DebrisLauncher
        · UnityEngine.Transform
      GameObject: BodyAnim
        · UnityEngine.Transform
        GameObject: BodySprite
          · UnityEngine.Transform
      GameObject: ShadowAnim
        · UnityEngine.Transform
        GameObject: Shadow
          · UnityEngine.Transform
          · UnityEngine.SpriteRenderer
          · Voxels.TowerDefense.SpriteMagic.BatchedSprite

[13:44:06.581][INFO] [CAMPAIGN] 本关未抽中新单位（SpawnChance 未命中）
[13:44:06.585][INFO] [CAMPAIGN] 本关未抽中新单位（SpawnChance 未命中）
[13:44:06.588][INFO] [CAMPAIGN] 已将 Viking_BlackSpearman 加入本关敌人生成池 (count=2)

[CAMPAIGN·注入后] 本关敌人生成池 (2 种):
  - Viking_Sword (type=Sword, bounty=4)
  - Viking_BlackSpearman (type=SwordShield, bounty=8)
[13:44:06.596][INFO] [CAMPAIGN] 本关未抽中新单位（SpawnChance 未命中）
[13:44:06.600][INFO] [CAMPAIGN] 本关未抽中新单位（SpawnChance 未命中）
[13:44:06.605][INFO] [CAMPAIGN] 本关未抽中新单位（SpawnChance 未命中）
[13:44:06.609][INFO] [CAMPAIGN] 已将 Viking_BlackSpearman 加入本关敌人生成池 (count=4)

[CAMPAIGN·注入后] 本关敌人生成池 (4 种):
  - Viking_Sword (type=Sword, bounty=4)
  - Viking_SwordShield (type=SwordShield, bounty=7)
  - Viking_Archer (type=Archer, bounty=7)
  - Viking_BlackSpearman (type=SwordShield, bounty=8)
[13:44:06.614][INFO] [CAMPAIGN] 已将 Viking_BlackSpearman 加入本关敌人生成池 (count=3)

[CAMPAIGN·注入后] 本关敌人生成池 (3 种):
  - Viking_SwordShield (type=SwordShield, bounty=7)
  - Viking_Archer (type=Archer, bounty=7)
  - Viking_BlackSpearman (type=SwordShield, bounty=8)
[13:44:06.620][INFO] [CAMPAIGN] 本关未抽中新单位（SpawnChance 未命中）
[13:44:06.625][INFO] [CAMPAIGN] 已将 Viking_BlackSpearman 加入本关敌人生成池 (count=4)

[CAMPAIGN·注入后] 本关敌人生成池 (4 种):
  - Viking_Sword (type=Sword, bounty=4)
  - Viking_SwordShield (type=SwordShield, bounty=7)
  - Viking_Archer (type=Archer, bounty=7)
  - Viking_BlackSpearman (type=SwordShield, bounty=8)
[13:44:06.631][INFO] [CAMPAIGN] 本关未抽中新单位（SpawnChance 未命中）
[13:44:06.634][INFO] [CAMPAIGN] 本关未抽中新单位（SpawnChance 未命中）
[13:44:06.638][INFO] [CAMPAIGN] 已将 Viking_BlackSpearman 加入本关敌人生成池 (count=2)

[CAMPAIGN·注入后] 本关敌人生成池 (2 种):
  - Viking_Archer (type=Archer, bounty=7)
  - Viking_BlackSpearman (type=SwordShield, bounty=8)
[13:44:06.643][INFO] [CAMPAIGN] 已将 Viking_BlackSpearman 加入本关敌人生成池 (count=3)

[CAMPAIGN·注入后] 本关敌人生成池 (3 种):
  - Viking_SwordShield (type=SwordShield, bounty=7)
  - Viking_Archer (type=Archer, bounty=7)
  - Viking_BlackSpearman (type=SwordShield, bounty=8)
[13:44:06.650][INFO] [CAMPAIGN] 本关未抽中新单位（SpawnChance 未命中）
[13:44:06.653][INFO] [CAMPAIGN] 已将 Viking_BlackSpearman 加入本关敌人生成池 (count=4)

[CAMPAIGN·注入后] 本关敌人生成池 (4 种):
  - Viking_Sword (type=Sword, bounty=4)
  - Viking_SwordShield (type=SwordShield, bounty=7)
  - Viking_Archer (type=Archer, bounty=7)
  - Viking_BlackSpearman (type=SwordShield, bounty=8)
[13:44:06.659][INFO] [CAMPAIGN] 已将 Viking_BlackSpearman 加入本关敌人生成池 (count=3)

[CAMPAIGN·注入后] 本关敌人生成池 (3 种):
  - Viking_SwordShield (type=SwordShield, bounty=7)
  - Viking_Archer (type=Archer, bounty=7)
  - Viking_BlackSpearman (type=SwordShield, bounty=8)
[13:44:06.663][INFO] [CAMPAIGN] 已将 Viking_BlackSpearman 加入本关敌人生成池 (count=3)

[CAMPAIGN·注入后] 本关敌人生成池 (3 种):
  - Viking_SwordShield (type=SwordShield, bounty=7)
  - Viking_Archer (type=Archer, bounty=7)
  - Viking_BlackSpearman (type=SwordShield, bounty=8)
[13:44:06.669][INFO] [CAMPAIGN] 本关未抽中新单位（SpawnChance 未命中）
[13:44:06.676][INFO] [CAMPAIGN] 已将 Viking_BlackSpearman 加入本关敌人生成池 (count=4)

[CAMPAIGN·注入后] 本关敌人生成池 (4 种):
  - Viking_SwordShield (type=SwordShield, bounty=7)
  - Viking_Archer (type=Archer, bounty=7)
  - Viking_Tank (type=Tank, bounty=21)
  - Viking_BlackSpearman (type=SwordShield, bounty=8)
[13:44:06.682][INFO] [CAMPAIGN] 本关未抽中新单位（SpawnChance 未命中）
[13:44:06.684][INFO] [CAMPAIGN] 已将 Viking_BlackSpearman 加入本关敌人生成池 (count=5)

[CAMPAIGN·注入后] 本关敌人生成池 (5 种):
  - Viking_Sword (type=Sword, bounty=4)
  - Viking_SwordShield (type=SwordShield, bounty=7)
  - Viking_Archer (type=Archer, bounty=7)
  - Viking_Tank (type=Tank, bounty=21)
  - Viking_BlackSpearman (type=SwordShield, bounty=8)
[13:44:06.690][INFO] [CAMPAIGN] 本关未抽中新单位（SpawnChance 未命中）
[13:44:06.694][INFO] [CAMPAIGN] 已将 Viking_BlackSpearman 加入本关敌人生成池 (count=2)

[CAMPAIGN·注入后] 本关敌人生成池 (2 种):
  - Viking_Archer (type=Archer, bounty=7)
  - Viking_BlackSpearman (type=SwordShield, bounty=8)
[13:44:06.701][INFO] [CAMPAIGN] 已将 Viking_BlackSpearman 加入本关敌人生成池 (count=3)

[CAMPAIGN·注入后] 本关敌人生成池 (3 种):
  - Viking_SwordShield (type=SwordShield, bounty=7)
  - Viking_Archer (type=Archer, bounty=7)
  - Viking_BlackSpearman (type=SwordShield, bounty=8)
[13:44:06.707][INFO] [CAMPAIGN] 已将 Viking_BlackSpearman 加入本关敌人生成池 (count=4)

[CAMPAIGN·注入后] 本关敌人生成池 (4 种):
  - Viking_SwordShield (type=SwordShield, bounty=7)
  - Viking_Archer (type=Archer, bounty=7)
  - Viking_Tank (type=Tank, bounty=21)
  - Viking_BlackSpearman (type=SwordShield, bounty=8)
[13:44:06.713][INFO] [CAMPAIGN] 已将 Viking_BlackSpearman 加入本关敌人生成池 (count=6)

[CAMPAIGN·注入后] 本关敌人生成池 (6 种):
  - Viking_Sword (type=Sword, bounty=4)
  - Viking_SwordShield (type=SwordShield, bounty=7)
  - Viking_Archer (type=Archer, bounty=7)
  - Viking_AxeThrower (type=AxeThrower, bounty=12)
  - Viking_Tank (type=Tank, bounty=21)
  - Viking_BlackSpearman (type=SwordShield, bounty=8)
[13:44:06.718][INFO] [CAMPAIGN] 已将 Viking_BlackSpearman 加入本关敌人生成池 (count=2)

[CAMPAIGN·注入后] 本关敌人生成池 (2 种):
  - Viking_Archer (type=Archer, bounty=7)
  - Viking_BlackSpearman (type=SwordShield, bounty=8)
[13:44:06.725][INFO] [CAMPAIGN] 已将 Viking_BlackSpearman 加入本关敌人生成池 (count=3)

[CAMPAIGN·注入后] 本关敌人生成池 (3 种):
  - Viking_Archer (type=Archer, bounty=7)
  - Viking_Tank (type=Tank, bounty=21)
  - Viking_BlackSpearman (type=SwordShield, bounty=8)
[13:44:06.732][INFO] [CAMPAIGN] 已将 Viking_BlackSpearman 加入本关敌人生成池 (count=5)

[CAMPAIGN·注入后] 本关敌人生成池 (5 种):
  - Viking_Sword (type=Sword, bounty=4)
  - Viking_SwordShield (type=SwordShield, bounty=7)
  - Viking_Archer (type=Archer, bounty=7)
  - Viking_Tank (type=Tank, bounty=21)
  - Viking_BlackSpearman (type=SwordShield, bounty=8)
[13:44:06.738][INFO] [CAMPAIGN] 已将 Viking_BlackSpearman 加入本关敌人生成池 (count=5)

[CAMPAIGN·注入后] 本关敌人生成池 (5 种):
  - Viking_Sword (type=Sword, bounty=4)
  - Viking_SwordShield (type=SwordShield, bounty=7)
  - Viking_Archer (type=Archer, bounty=7)
  - Viking_Tank (type=Tank, bounty=21)
  - Viking_BlackSpearman (type=SwordShield, bounty=8)
[13:44:06.747][INFO] [CAMPAIGN] 已将 Viking_BlackSpearman 加入本关敌人生成池 (count=3)

[CAMPAIGN·注入后] 本关敌人生成池 (3 种):
  - Viking_Tank (type=Tank, bounty=21)
  - Viking_Twohanded (type=Twohanded, bounty=9)
  - Viking_BlackSpearman (type=SwordShield, bounty=8)
[13:44:06.752][INFO] [CAMPAIGN] 已将 Viking_BlackSpearman 加入本关敌人生成池 (count=2)

[CAMPAIGN·注入后] 本关敌人生成池 (2 种):
  - Viking_Tank (type=Tank, bounty=21)
  - Viking_BlackSpearman (type=SwordShield, bounty=8)
[13:44:06.756][INFO] [CAMPAIGN] 已将 Viking_BlackSpearman 加入本关敌人生成池 (count=3)

[CAMPAIGN·注入后] 本关敌人生成池 (3 种):
  - Viking_Sword (type=Sword, bounty=4)
  - Viking_SwordShield (type=SwordShield, bounty=7)
  - Viking_BlackSpearman (type=SwordShield, bounty=8)
[13:44:06.762][INFO] [CAMPAIGN] 已将 Viking_BlackSpearman 加入本关敌人生成池 (count=5)

[CAMPAIGN·注入后] 本关敌人生成池 (5 种):
  - Viking_Sword (type=Sword, bounty=4)
  - Viking_Archer (type=Archer, bounty=7)
  - Viking_Tank (type=Tank, bounty=21)
  - Viking_Twohanded (type=Twohanded, bounty=9)
  - Viking_BlackSpearman (type=SwordShield, bounty=8)
[13:44:06.777][INFO] [CAMPAIGN] 本关未抽中新单位（SpawnChance 未命中）
[13:44:06.780][INFO] [CAMPAIGN] 已将 Viking_BlackSpearman 加入本关敌人生成池 (count=7)

[CAMPAIGN·注入后] 本关敌人生成池 (7 种):
  - Viking_Sword (type=Sword, bounty=4)
  - Viking_SwordShield (type=SwordShield, bounty=7)
  - Viking_Archer (type=Archer, bounty=7)
  - Viking_AxeThrower (type=AxeThrower, bounty=12)
  - Viking_Tank (type=Tank, bounty=21)
  - Viking_Twohanded (type=Twohanded, bounty=9)
  - Viking_BlackSpearman (type=SwordShield, bounty=8)
[13:44:06.786][INFO] [CAMPAIGN] 已将 Viking_BlackSpearman 加入本关敌人生成池 (count=4)

[CAMPAIGN·注入后] 本关敌人生成池 (4 种):
  - Viking_Sword (type=Sword, bounty=4)
  - Viking_SwordShield (type=SwordShield, bounty=7)
  - Viking_Tank (type=Tank, bounty=21)
  - Viking_BlackSpearman (type=SwordShield, bounty=8)
[13:44:06.793][INFO] [CAMPAIGN] 已将 Viking_BlackSpearman 加入本关敌人生成池 (count=5)

[CAMPAIGN·注入后] 本关敌人生成池 (5 种):
  - Viking_Sword (type=Sword, bounty=4)
  - Viking_SwordShield (type=SwordShield, bounty=7)
  - Viking_AxeThrower (type=AxeThrower, bounty=12)
  - Viking_Tank (type=Tank, bounty=21)
  - Viking_BlackSpearman (type=SwordShield, bounty=8)
[13:44:06.809][INFO] [CAMPAIGN] 已将 Viking_BlackSpearman 加入本关敌人生成池 (count=3)

[CAMPAIGN·注入后] 本关敌人生成池 (3 种):
  - Viking_Sword (type=Sword, bounty=4)
  - Viking_Twohanded (type=Twohanded, bounty=9)
  - Viking_BlackSpearman (type=SwordShield, bounty=8)
[13:44:06.814][INFO] [CAMPAIGN] 本关未抽中新单位（SpawnChance 未命中）
[13:44:06.817][INFO] [CAMPAIGN] 本关未抽中新单位（SpawnChance 未命中）
[13:44:06.820][INFO] [CAMPAIGN] 已将 Viking_BlackSpearman 加入本关敌人生成池 (count=5)

[CAMPAIGN·注入后] 本关敌人生成池 (5 种):
  - Viking_Sword (type=Sword, bounty=4)
  - Viking_Archer (type=Archer, bounty=7)
  - Viking_AxeThrower (type=AxeThrower, bounty=12)
  - Viking_Twohanded (type=Twohanded, bounty=9)
  - Viking_BlackSpearman (type=SwordShield, bounty=8)
[13:44:06.829][INFO] [CAMPAIGN] 已将 Viking_BlackSpearman 加入本关敌人生成池 (count=7)

[CAMPAIGN·注入后] 本关敌人生成池 (7 种):
  - Viking_Sword (type=Sword, bounty=4)
  - Viking_SwordShield (type=SwordShield, bounty=7)
  - Viking_AxeThrower (type=AxeThrower, bounty=12)
  - Viking_Tank (type=Tank, bounty=21)
  - Viking_TankArcher (type=TankArcher, bounty=25)
  - Viking_Twohanded (type=Twohanded, bounty=9)
  - Viking_BlackSpearman (type=SwordShield, bounty=8)
[13:44:06.838][INFO] [CAMPAIGN] 已将 Viking_BlackSpearman 加入本关敌人生成池 (count=3)

[CAMPAIGN·注入后] 本关敌人生成池 (3 种):
  - Viking_Sword (type=Sword, bounty=4)
  - Viking_AxeThrower (type=AxeThrower, bounty=12)
  - Viking_BlackSpearman (type=SwordShield, bounty=8)
[13:44:06.844][INFO] [CAMPAIGN] 已将 Viking_BlackSpearman 加入本关敌人生成池 (count=3)

[CAMPAIGN·注入后] 本关敌人生成池 (3 种):
  - Viking_Sword (type=Sword, bounty=4)
  - Viking_AxeThrower (type=AxeThrower, bounty=12)
  - Viking_BlackSpearman (type=SwordShield, bounty=8)
[13:44:06.849][INFO] [CAMPAIGN] 已将 Viking_BlackSpearman 加入本关敌人生成池 (count=5)

[CAMPAIGN·注入后] 本关敌人生成池 (5 种):
  - Viking_Sword (type=Sword, bounty=4)
  - Viking_Archer (type=Archer, bounty=7)
  - Viking_AxeThrower (type=AxeThrower, bounty=12)
  - Viking_Twohanded (type=Twohanded, bounty=9)
  - Viking_BlackSpearman (type=SwordShield, bounty=8)
[13:44:06.856][INFO] [CAMPAIGN] 已将 Viking_BlackSpearman 加入本关敌人生成池 (count=4)

[CAMPAIGN·注入后] 本关敌人生成池 (4 种):
  - Viking_Sword (type=Sword, bounty=4)
  - Viking_AxeThrower (type=AxeThrower, bounty=12)
  - Viking_Twohanded (type=Twohanded, bounty=9)
  - Viking_BlackSpearman (type=SwordShield, bounty=8)
[13:44:06.864][INFO] [CAMPAIGN] 已将 Viking_BlackSpearman 加入本关敌人生成池 (count=5)

[CAMPAIGN·注入后] 本关敌人生成池 (5 种):
  - Viking_Sword (type=Sword, bounty=4)
  - Viking_Archer (type=Archer, bounty=7)
  - Viking_AxeThrower (type=AxeThrower, bounty=12)
  - Viking_Twohanded (type=Twohanded, bounty=9)
  - Viking_BlackSpearman (type=SwordShield, bounty=8)
[13:44:06.871][INFO] [CAMPAIGN] 已将 Viking_BlackSpearman 加入本关敌人生成池 (count=7)

[CAMPAIGN·注入后] 本关敌人生成池 (7 种):
  - Viking_Sword (type=Sword, bounty=4)
  - Viking_SwordShield (type=SwordShield, bounty=7)
  - Viking_Archer (type=Archer, bounty=7)
  - Viking_AxeThrower (type=AxeThrower, bounty=12)
  - Viking_Tank (type=Tank, bounty=21)
  - Viking_Twohanded (type=Twohanded, bounty=9)
  - Viking_BlackSpearman (type=SwordShield, bounty=8)
[13:44:06.880][INFO] [CAMPAIGN] 已将 Viking_BlackSpearman 加入本关敌人生成池 (count=4)

[CAMPAIGN·注入后] 本关敌人生成池 (4 种):
  - Viking_Sword (type=Sword, bounty=4)
  - Viking_Archer (type=Archer, bounty=7)
  - Viking_AxeThrower (type=AxeThrower, bounty=12)
  - Viking_BlackSpearman (type=SwordShield, bounty=8)
[13:44:06.887][INFO] [CAMPAIGN] 已将 Viking_BlackSpearman 加入本关敌人生成池 (count=5)

[CAMPAIGN·注入后] 本关敌人生成池 (5 种):
  - Viking_Sword (type=Sword, bounty=4)
  - Viking_Archer (type=Archer, bounty=7)
  - Viking_AxeThrower (type=AxeThrower, bounty=12)
  - Viking_Twohanded (type=Twohanded, bounty=9)
  - Viking_BlackSpearman (type=SwordShield, bounty=8)
[13:44:06.893][INFO] [CAMPAIGN] 本关未抽中新单位（SpawnChance 未命中）
[13:44:06.896][INFO] [CAMPAIGN] 已将 Viking_BlackSpearman 加入本关敌人生成池 (count=6)

[CAMPAIGN·注入后] 本关敌人生成池 (6 种):
  - Viking_Sword (type=Sword, bounty=4)
  - Viking_SwordShield (type=SwordShield, bounty=7)
  - Viking_Archer (type=Archer, bounty=7)
  - Viking_AxeThrower (type=AxeThrower, bounty=12)
  - Viking_Twohanded (type=Twohanded, bounty=9)
  - Viking_BlackSpearman (type=SwordShield, bounty=8)
[13:44:06.904][INFO] [CAMPAIGN] 已将 Viking_BlackSpearman 加入本关敌人生成池 (count=6)

[CAMPAIGN·注入后] 本关敌人生成池 (6 种):
  - Viking_Sword (type=Sword, bounty=4)
  - Viking_SwordShield (type=SwordShield, bounty=7)
  - Viking_Archer (type=Archer, bounty=7)
  - Viking_AxeThrower (type=AxeThrower, bounty=12)
  - Viking_Twohanded (type=Twohanded, bounty=9)
  - Viking_BlackSpearman (type=SwordShield, bounty=8)
[13:44:06.912][INFO] [CAMPAIGN] 已将 Viking_BlackSpearman 加入本关敌人生成池 (count=4)

[CAMPAIGN·注入后] 本关敌人生成池 (4 种):
  - Viking_Sword (type=Sword, bounty=4)
  - Viking_Archer (type=Archer, bounty=7)
  - Viking_AxeThrower (type=AxeThrower, bounty=12)
  - Viking_BlackSpearman (type=SwordShield, bounty=8)
[13:44:06.919][INFO] [CAMPAIGN] 本关未抽中新单位（SpawnChance 未命中）
[13:44:06.928][INFO] [CAMPAIGN] 已将 Viking_BlackSpearman 加入本关敌人生成池 (count=6)

[CAMPAIGN·注入后] 本关敌人生成池 (6 种):
  - Viking_Sword (type=Sword, bounty=4)
  - Viking_SwordShield (type=SwordShield, bounty=7)
  - Viking_Archer (type=Archer, bounty=7)
  - Viking_AxeThrower (type=AxeThrower, bounty=12)
  - Viking_Twohanded (type=Twohanded, bounty=9)
  - Viking_BlackSpearman (type=SwordShield, bounty=8)
[13:44:06.946][INFO] [CAMPAIGN] 本关未抽中新单位（SpawnChance 未命中）
[13:44:06.950][INFO] [CAMPAIGN] 已将 Viking_BlackSpearman 加入本关敌人生成池 (count=5)

[CAMPAIGN·注入后] 本关敌人生成池 (5 种):
  - Viking_Sword (type=Sword, bounty=4)
  - Viking_Archer (type=Archer, bounty=7)
  - Viking_AxeThrower (type=AxeThrower, bounty=12)
  - Viking_Twohanded (type=Twohanded, bounty=9)
  - Viking_BlackSpearman (type=SwordShield, bounty=8)
[13:44:06.960][INFO] [CAMPAIGN] 已将 Viking_BlackSpearman 加入本关敌人生成池 (count=8)

[CAMPAIGN·注入后] 本关敌人生成池 (8 种):
  - Viking_Sword (type=Sword, bounty=4)
  - Viking_SwordShield (type=SwordShield, bounty=7)
  - Viking_Archer (type=Archer, bounty=7)
  - Viking_AxeThrower (type=AxeThrower, bounty=12)
  - Viking_Tank (type=Tank, bounty=21)
  - Viking_TankArcher (type=TankArcher, bounty=25)
  - Viking_Twohanded (type=Twohanded, bounty=9)
  - Viking_BlackSpearman (type=SwordShield, bounty=8)

---- [心跳] ----
dict 注册表条目数 = 23
dict 键 = Viking_Sword, Viking_SwordShield, Viking_Archer, Viking_Berserker, Viking_AxeThrower, Viking_Tank, Viking_TankArcher, Viking_Twohanded, Forest_Grass, Forest_Flowers, Forest_Tombstones, Forest_Shrooms, Forest_Spruce, Forest_Balls, Forest_Trunks, OrangeFall, YellowFall, BluishTrees, Evergreen, NormalGrass, BluishGrass, YellowGrass, Viking_BlackSpearman
新单位已注册 = True
新单位 vikingClone=True, agent=True
已处理黑矛兵 Agent 数 = 0
----------------

---- [心跳] ----
dict 注册表条目数 = 23
dict 键 = Viking_Sword, Viking_SwordShield, Viking_Archer, Viking_Berserker, Viking_AxeThrower, Viking_Tank, Viking_TankArcher, Viking_Twohanded, Forest_Grass, Forest_Flowers, Forest_Tombstones, Forest_Shrooms, Forest_Spruce, Forest_Balls, Forest_Trunks, OrangeFall, YellowFall, BluishTrees, Evergreen, NormalGrass, BluishGrass, YellowGrass, Viking_BlackSpearman
新单位已注册 = True
新单位 vikingClone=True, agent=True
已处理黑矛兵 Agent 数 = 0
----------------

---- [心跳] ----
dict 注册表条目数 = 23
dict 键 = Viking_Sword, Viking_SwordShield, Viking_Archer, Viking_Berserker, Viking_AxeThrower, Viking_Tank, Viking_TankArcher, Viking_Twohanded, Forest_Grass, Forest_Flowers, Forest_Tombstones, Forest_Shrooms, Forest_Spruce, Forest_Balls, Forest_Trunks, OrangeFall, YellowFall, BluishTrees, Evergreen, NormalGrass, BluishGrass, YellowGrass, Viking_BlackSpearman
新单位已注册 = True
新单位 vikingClone=True, agent=True
已处理黑矛兵 Agent 数 = 0
----------------

---- [心跳] ----
dict 注册表条目数 = 23
dict 键 = Viking_Sword, Viking_SwordShield, Viking_Archer, Viking_Berserker, Viking_AxeThrower, Viking_Tank, Viking_TankArcher, Viking_Twohanded, Forest_Grass, Forest_Flowers, Forest_Tombstones, Forest_Shrooms, Forest_Spruce, Forest_Balls, Forest_Trunks, OrangeFall, YellowFall, BluishTrees, Evergreen, NormalGrass, BluishGrass, YellowGrass, Viking_BlackSpearman
新单位已注册 = True
新单位 vikingClone=True, agent=True
已处理黑矛兵 Agent 数 = 0
----------------

---- [心跳] ----
dict 注册表条目数 = 23
dict 键 = Viking_Sword, Viking_SwordShield, Viking_Archer, Viking_Berserker, Viking_AxeThrower, Viking_Tank, Viking_TankArcher, Viking_Twohanded, Forest_Grass, Forest_Flowers, Forest_Tombstones, Forest_Shrooms, Forest_Spruce, Forest_Balls, Forest_Trunks, OrangeFall, YellowFall, BluishTrees, Evergreen, NormalGrass, BluishGrass, YellowGrass, Viking_BlackSpearman
新单位已注册 = True
新单位 vikingClone=True, agent=True
已处理黑矛兵 Agent 数 = 0
----------------

---- [心跳] ----
dict 注册表条目数 = 23
dict 键 = Viking_Sword, Viking_SwordShield, Viking_Archer, Viking_Berserker, Viking_AxeThrower, Viking_Tank, Viking_TankArcher, Viking_Twohanded, Forest_Grass, Forest_Flowers, Forest_Tombstones, Forest_Shrooms, Forest_Spruce, Forest_Balls, Forest_Trunks, OrangeFall, YellowFall, BluishTrees, Evergreen, NormalGrass, BluishGrass, YellowGrass, Viking_BlackSpearman
新单位已注册 = True
新单位 vikingClone=True, agent=True
已处理黑矛兵 Agent 数 = 0
----------------

---- [心跳] ----
dict 注册表条目数 = 23
dict 键 = Viking_Sword, Viking_SwordShield, Viking_Archer, Viking_Berserker, Viking_AxeThrower, Viking_Tank, Viking_TankArcher, Viking_Twohanded, Forest_Grass, Forest_Flowers, Forest_Tombstones, Forest_Shrooms, Forest_Spruce, Forest_Balls, Forest_Trunks, OrangeFall, YellowFall, BluishTrees, Evergreen, NormalGrass, BluishGrass, YellowGrass, Viking_BlackSpearman
新单位已注册 = True
新单位 vikingClone=True, agent=True
已处理黑矛兵 Agent 数 = 0
----------------

---- [心跳] ----
dict 注册表条目数 = 23
dict 键 = Viking_Sword, Viking_SwordShield, Viking_Archer, Viking_Berserker, Viking_AxeThrower, Viking_Tank, Viking_TankArcher, Viking_Twohanded, Forest_Grass, Forest_Flowers, Forest_Tombstones, Forest_Shrooms, Forest_Spruce, Forest_Balls, Forest_Trunks, OrangeFall, YellowFall, BluishTrees, Evergreen, NormalGrass, BluishGrass, YellowGrass, Viking_BlackSpearman
新单位已注册 = True
新单位 vikingClone=True, agent=True
已处理黑矛兵 Agent 数 = 0
----------------

---- [心跳] ----
dict 注册表条目数 = 23
dict 键 = Viking_Sword, Viking_SwordShield, Viking_Archer, Viking_Berserker, Viking_AxeThrower, Viking_Tank, Viking_TankArcher, Viking_Twohanded, Forest_Grass, Forest_Flowers, Forest_Tombstones, Forest_Shrooms, Forest_Spruce, Forest_Balls, Forest_Trunks, OrangeFall, YellowFall, BluishTrees, Evergreen, NormalGrass, BluishGrass, YellowGrass, Viking_BlackSpearman
新单位已注册 = True
新单位 vikingClone=True, agent=True
已处理黑矛兵 Agent 数 = 0
----------------

---- [心跳] ----
dict 注册表条目数 = 23
dict 键 = Viking_Sword, Viking_SwordShield, Viking_Archer, Viking_Berserker, Viking_AxeThrower, Viking_Tank, Viking_TankArcher, Viking_Twohanded, Forest_Grass, Forest_Flowers, Forest_Tombstones, Forest_Shrooms, Forest_Spruce, Forest_Balls, Forest_Trunks, OrangeFall, YellowFall, BluishTrees, Evergreen, NormalGrass, BluishGrass, YellowGrass, Viking_BlackSpearman
新单位已注册 = True
新单位 vikingClone=True, agent=True
已处理黑矛兵 Agent 数 = 0
----------------
[13:45:24.378][INFO] [WEAPON] 移除剑盾: shield=False, 禁用子对象 1 个
[13:45:24.384][INFO] [WEAPON] 找到我方长矛模板(aim骨): English_Spear(Clone) (spearSprite=False)
[13:45:24.386][INFO] [WEAPON] 已挂载长矛到 BlackSpearman_StrippedTemplate(Clone)(Clone) (localPos=(0.0, 0.2, 0.1), children=1)
[13:45:24.387][INFO] [AGENT] 黑矛兵 BlackSpearman_StrippedTemplate(Clone)(Clone) 攻击范围 range=0.11 radius=0.13 dmg=1.6 kb=2.5
[13:45:24.393][INFO] [Charge] Setup OK. speed=2.0 spear=True
[13:45:24.396][INFO] [WEAPON] 移除剑盾: shield=False, 禁用子对象 1 个
[13:45:24.398][INFO] [WEAPON] 已挂载长矛到 BlackSpearman_StrippedTemplate(Clone)(Clone) (localPos=(0.0, 0.2, 0.1), children=1)
[13:45:24.400][INFO] [AGENT] 黑矛兵 BlackSpearman_StrippedTemplate(Clone)(Clone) 攻击范围 range=0.11 radius=0.13 dmg=1.6 kb=2.5
[13:45:24.401][INFO] [Charge] Setup OK. speed=2.0 spear=True
[13:45:24.402][INFO] [WEAPON] 移除剑盾: shield=False, 禁用子对象 1 个
[13:45:24.404][INFO] [WEAPON] 已挂载长矛到 BlackSpearman_StrippedTemplate(Clone)(Clone) (localPos=(0.0, 0.2, 0.1), children=1)
[13:45:24.407][INFO] [AGENT] 黑矛兵 BlackSpearman_StrippedTemplate(Clone)(Clone) 攻击范围 range=0.11 radius=0.13 dmg=1.6 kb=2.5
[13:45:24.408][INFO] [Charge] Setup OK. speed=2.0 spear=True
[13:45:24.409][INFO] [SPAWN] 本艘敌舰生成黑矛兵 3 个（累计 3）

[SPAWN·黑矛兵首例] Agent name=BlackSpearman_StrippedTemplate(Clone)(Clone) vikingRef=Viking_BlackSpearman type=SwordShield brain=Swordsman
GameObject: BlackSpearman_StrippedTemplate(Clone)(Clone)
  · UnityEngine.Transform
  · UnityEngine.Animator
  · UnityEngine.SphereCollider
  · Voxels.TowerDefense.Agent
  · Voxels.TowerDefense.Death
  · Voxels.TowerDefense.Pirate
  · Voxels.TowerDefense.VikingAgent
  · Voxels.TowerDefense.Swordsman
  · Voxels.TowerDefense.Ragdoller
  · Voxels.TowerDefense.Body
  · Voxels.TowerDefense.KillAllEnemies
  · Voxels.TowerDefense.Stun
  · BadNorthBlackSpearman1_3.BlackSpearmanVisual
  · BadNorthBlackSpearman1_3.SpearChargeComponent
  · BadNorthBlackSpearman1_3.SpearStabAction
  GameObject: DebrisLauncher
    · UnityEngine.Transform
  GameObject: BodyAnim
    · UnityEngine.Transform
    GameObject: BodySprite
      · UnityEngine.Transform
      GameObject: BodySprite
        · UnityEngine.Transform
        · UnityEngine.SpriteRenderer
        · Voxels.TowerDefense.SpriteMagic.SpriteAnimator
      GameObject: Weapon [inactive]
        · UnityEngine.Transform
  GameObject: ShadowAnim
    · UnityEngine.Transform
    GameObject: Shadow
      · UnityEngine.Transform
      · UnityEngine.SpriteRenderer
      · Voxels.TowerDefense.SpriteMagic.BatchedSprite
      GameObject: Shadow
        · UnityEngine.Transform
        · UnityEngine.MeshRenderer
        · UnityEngine.MeshFilter
      GameObject: Shadow
        · UnityEngine.Transform
        · UnityEngine.MeshRenderer
        · UnityEngine.MeshFilter
  GameObject: Spear_BlackSpearman
    · UnityEngine.Transform
    GameObject: SpearAnim
      · UnityEngine.Transform
      GameObject: Spear_0
        · UnityEngine.Transform
        · UnityEngine.SpriteRenderer
        · Voxels.TowerDefense.SpriteMagic.BatchedSprite
        · Voxels.TowerDefense.LevelSprite


---- [心跳] ----
dict 注册表条目数 = 23
dict 键 = Viking_Sword, Viking_SwordShield, Viking_Archer, Viking_Berserker, Viking_AxeThrower, Viking_Tank, Viking_TankArcher, Viking_Twohanded, Forest_Grass, Forest_Flowers, Forest_Tombstones, Forest_Shrooms, Forest_Spruce, Forest_Balls, Forest_Trunks, OrangeFall, YellowFall, BluishTrees, Evergreen, NormalGrass, BluishGrass, YellowGrass, Viking_BlackSpearman
新单位已注册 = True
新单位 vikingClone=True, agent=True
已处理黑矛兵 Agent 数 = 3
----------------

---- [心跳] ----
dict 注册表条目数 = 23
dict 键 = Viking_Sword, Viking_SwordShield, Viking_Archer, Viking_Berserker, Viking_AxeThrower, Viking_Tank, Viking_TankArcher, Viking_Twohanded, Forest_Grass, Forest_Flowers, Forest_Tombstones, Forest_Shrooms, Forest_Spruce, Forest_Balls, Forest_Trunks, OrangeFall, YellowFall, BluishTrees, Evergreen, NormalGrass, BluishGrass, YellowGrass, Viking_BlackSpearman
新单位已注册 = True
新单位 vikingClone=True, agent=True
已处理黑矛兵 Agent 数 = 3
----------------

---- [心跳] ----
dict 注册表条目数 = 23
dict 键 = Viking_Sword, Viking_SwordShield, Viking_Archer, Viking_Berserker, Viking_AxeThrower, Viking_Tank, Viking_TankArcher, Viking_Twohanded, Forest_Grass, Forest_Flowers, Forest_Tombstones, Forest_Shrooms, Forest_Spruce, Forest_Balls, Forest_Trunks, OrangeFall, YellowFall, BluishTrees, Evergreen, NormalGrass, BluishGrass, YellowGrass, Viking_BlackSpearman
新单位已注册 = True
新单位 vikingClone=True, agent=True
已处理黑矛兵 Agent 数 = 3
----------------

---- [心跳] ----
dict 注册表条目数 = 23
dict 键 = Viking_Sword, Viking_SwordShield, Viking_Archer, Viking_Berserker, Viking_AxeThrower, Viking_Tank, Viking_TankArcher, Viking_Twohanded, Forest_Grass, Forest_Flowers, Forest_Tombstones, Forest_Shrooms, Forest_Spruce, Forest_Balls, Forest_Trunks, OrangeFall, YellowFall, BluishTrees, Evergreen, NormalGrass, BluishGrass, YellowGrass, Viking_BlackSpearman
新单位已注册 = True
新单位 vikingClone=True, agent=True
已处理黑矛兵 Agent 数 = 3
----------------

---- [心跳] ----
dict 注册表条目数 = 23
dict 键 = Viking_Sword, Viking_SwordShield, Viking_Archer, Viking_Berserker, Viking_AxeThrower, Viking_Tank, Viking_TankArcher, Viking_Twohanded, Forest_Grass, Forest_Flowers, Forest_Tombstones, Forest_Shrooms, Forest_Spruce, Forest_Balls, Forest_Trunks, OrangeFall, YellowFall, BluishTrees, Evergreen, NormalGrass, BluishGrass, YellowGrass, Viking_BlackSpearman
新单位已注册 = True
新单位 vikingClone=True, agent=True
已处理黑矛兵 Agent 数 = 3
----------------

---- [心跳] ----
dict 注册表条目数 = 23
dict 键 = Viking_Sword, Viking_SwordShield, Viking_Archer, Viking_Berserker, Viking_AxeThrower, Viking_Tank, Viking_TankArcher, Viking_Twohanded, Forest_Grass, Forest_Flowers, Forest_Tombstones, Forest_Shrooms, Forest_Spruce, Forest_Balls, Forest_Trunks, OrangeFall, YellowFall, BluishTrees, Evergreen, NormalGrass, BluishGrass, YellowGrass, Viking_BlackSpearman
新单位已注册 = True
新单位 vikingClone=True, agent=True
已处理黑矛兵 Agent 数 = 3
----------------

---- [心跳] ----
dict 注册表条目数 = 23
dict 键 = Viking_Sword, Viking_SwordShield, Viking_Archer, Viking_Berserker, Viking_AxeThrower, Viking_Tank, Viking_TankArcher, Viking_Twohanded, Forest_Grass, Forest_Flowers, Forest_Tombstones, Forest_Shrooms, Forest_Spruce, Forest_Balls, Forest_Trunks, OrangeFall, YellowFall, BluishTrees, Evergreen, NormalGrass, BluishGrass, YellowGrass, Viking_BlackSpearman
新单位已注册 = True
新单位 vikingClone=True, agent=True
已处理黑矛兵 Agent 数 = 3
----------------

---- [心跳] ----
dict 注册表条目数 = 23
dict 键 = Viking_Sword, Viking_SwordShield, Viking_Archer, Viking_Berserker, Viking_AxeThrower, Viking_Tank, Viking_TankArcher, Viking_Twohanded, Forest_Grass, Forest_Flowers, Forest_Tombstones, Forest_Shrooms, Forest_Spruce, Forest_Balls, Forest_Trunks, OrangeFall, YellowFall, BluishTrees, Evergreen, NormalGrass, BluishGrass, YellowGrass, Viking_BlackSpearman
新单位已注册 = True
新单位 vikingClone=True, agent=True
已处理黑矛兵 Agent 数 = 3
----------------

---- [心跳] ----
dict 注册表条目数 = 23
dict 键 = Viking_Sword, Viking_SwordShield, Viking_Archer, Viking_Berserker, Viking_AxeThrower, Viking_Tank, Viking_TankArcher, Viking_Twohanded, Forest_Grass, Forest_Flowers, Forest_Tombstones, Forest_Shrooms, Forest_Spruce, Forest_Balls, Forest_Trunks, OrangeFall, YellowFall, BluishTrees, Evergreen, NormalGrass, BluishGrass, YellowGrass, Viking_BlackSpearman
新单位已注册 = True
新单位 vikingClone=True, agent=True
已处理黑矛兵 Agent 数 = 3
----------------

---- [心跳] ----
dict 注册表条目数 = 23
dict 键 = Viking_Sword, Viking_SwordShield, Viking_Archer, Viking_Berserker, Viking_AxeThrower, Viking_Tank, Viking_TankArcher, Viking_Twohanded, Forest_Grass, Forest_Flowers, Forest_Tombstones, Forest_Shrooms, Forest_Spruce, Forest_Balls, Forest_Trunks, OrangeFall, YellowFall, BluishTrees, Evergreen, NormalGrass, BluishGrass, YellowGrass, Viking_BlackSpearman
新单位已注册 = True
新单位 vikingClone=True, agent=True
已处理黑矛兵 Agent 数 = 3
----------------

---- [心跳] ----
dict 注册表条目数 = 23
dict 键 = Viking_Sword, Viking_SwordShield, Viking_Archer, Viking_Berserker, Viking_AxeThrower, Viking_Tank, Viking_TankArcher, Viking_Twohanded, Forest_Grass, Forest_Flowers, Forest_Tombstones, Forest_Shrooms, Forest_Spruce, Forest_Balls, Forest_Trunks, OrangeFall, YellowFall, BluishTrees, Evergreen, NormalGrass, BluishGrass, YellowGrass, Viking_BlackSpearman
新单位已注册 = True
新单位 vikingClone=True, agent=True
已处理黑矛兵 Agent 数 = 3
----------------

---- [心跳] ----
dict 注册表条目数 = 23
dict 键 = Viking_Sword, Viking_SwordShield, Viking_Archer, Viking_Berserker, Viking_AxeThrower, Viking_Tank, Viking_TankArcher, Viking_Twohanded, Forest_Grass, Forest_Flowers, Forest_Tombstones, Forest_Shrooms, Forest_Spruce, Forest_Balls, Forest_Trunks, OrangeFall, YellowFall, BluishTrees, Evergreen, NormalGrass, BluishGrass, YellowGrass, Viking_BlackSpearman
新单位已注册 = True
新单位 vikingClone=True, agent=True
已处理黑矛兵 Agent 数 = 3
----------------

---- [心跳] ----
dict 注册表条目数 = 23
dict 键 = Viking_Sword, Viking_SwordShield, Viking_Archer, Viking_Berserker, Viking_AxeThrower, Viking_Tank, Viking_TankArcher, Viking_Twohanded, Forest_Grass, Forest_Flowers, Forest_Tombstones, Forest_Shrooms, Forest_Spruce, Forest_Balls, Forest_Trunks, OrangeFall, YellowFall, BluishTrees, Evergreen, NormalGrass, BluishGrass, YellowGrass, Viking_BlackSpearman
新单位已注册 = True
新单位 vikingClone=True, agent=True
已处理黑矛兵 Agent 数 = 3
----------------

---- [心跳] ----
dict 注册表条目数 = 23
dict 键 = Viking_Sword, Viking_SwordShield, Viking_Archer, Viking_Berserker, Viking_AxeThrower, Viking_Tank, Viking_TankArcher, Viking_Twohanded, Forest_Grass, Forest_Flowers, Forest_Tombstones, Forest_Shrooms, Forest_Spruce, Forest_Balls, Forest_Trunks, OrangeFall, YellowFall, BluishTrees, Evergreen, NormalGrass, BluishGrass, YellowGrass, Viking_BlackSpearman
新单位已注册 = True
新单位 vikingClone=True, agent=True
已处理黑矛兵 Agent 数 = 3
----------------

---- [心跳] ----
dict 注册表条目数 = 23
dict 键 = Viking_Sword, Viking_SwordShield, Viking_Archer, Viking_Berserker, Viking_AxeThrower, Viking_Tank, Viking_TankArcher, Viking_Twohanded, Forest_Grass, Forest_Flowers, Forest_Tombstones, Forest_Shrooms, Forest_Spruce, Forest_Balls, Forest_Trunks, OrangeFall, YellowFall, BluishTrees, Evergreen, NormalGrass, BluishGrass, YellowGrass, Viking_BlackSpearman
新单位已注册 = True
新单位 vikingClone=True, agent=True
已处理黑矛兵 Agent 数 = 3
----------------
[13:47:42.003][INFO] [Charge] 举矛 targetRot(euler)=(0.0, 26.1, 0.3) dir=(0.44, 0.00, 0.90)
[13:47:42.008][INFO] [Charge] WIND-UP
[13:47:42.487][INFO] [Charge] 冲锋起点 pos=(-3.41, -0.05, -1.77) dir=(0.44, 0.00, 0.90) onMain=True
[13:47:42.517][INFO] [Charge] 冲刺中 pos=(-3.36, -0.04, -1.67) navPos=(-3.36, -0.04, -1.67) spearWorldRot=(0.0, 26.1, 0.3) spearLocalRot=(360.0, 350.6, 0.2) spearLocalPos=(0.000, 0.168, 0.072)
[13:47:42.816][INFO] [Charge] 冲刺中 pos=(-2.83, 0.07, -0.59) navPos=(-2.83, 0.07, -0.59) spearWorldRot=(0.0, 26.1, 0.3) spearLocalRot=(360.0, 350.7, 0.2) spearLocalPos=(0.000, 0.168, 0.072)
[13:47:43.006][INFO] [Charge] HIT English_SwordShield(Clone)(Clone) dmg=3 kb=5 stun=10 hp=0.1
[13:47:43.011][INFO] [Charge] 冲锋结束 位移=2.00 终点=(-2.53, 0.03, 0.02)

---- [心跳] ----
dict 注册表条目数 = 23
dict 键 = Viking_Sword, Viking_SwordShield, Viking_Archer, Viking_Berserker, Viking_AxeThrower, Viking_Tank, Viking_TankArcher, Viking_Twohanded, Forest_Grass, Forest_Flowers, Forest_Tombstones, Forest_Shrooms, Forest_Spruce, Forest_Balls, Forest_Trunks, OrangeFall, YellowFall, BluishTrees, Evergreen, NormalGrass, BluishGrass, YellowGrass, Viking_BlackSpearman
新单位已注册 = True
新单位 vikingClone=True, agent=True
已处理黑矛兵 Agent 数 = 3
----------------

---- [心跳] ----
dict 注册表条目数 = 23
dict 键 = Viking_Sword, Viking_SwordShield, Viking_Archer, Viking_Berserker, Viking_AxeThrower, Viking_Tank, Viking_TankArcher, Viking_Twohanded, Forest_Grass, Forest_Flowers, Forest_Tombstones, Forest_Shrooms, Forest_Spruce, Forest_Balls, Forest_Trunks, OrangeFall, YellowFall, BluishTrees, Evergreen, NormalGrass, BluishGrass, YellowGrass, Viking_BlackSpearman
新单位已注册 = True
新单位 vikingClone=True, agent=True
已处理黑矛兵 Agent 数 = 3
----------------

---- [心跳] ----
dict 注册表条目数 = 23
dict 键 = Viking_Sword, Viking_SwordShield, Viking_Archer, Viking_Berserker, Viking_AxeThrower, Viking_Tank, Viking_TankArcher, Viking_Twohanded, Forest_Grass, Forest_Flowers, Forest_Tombstones, Forest_Shrooms, Forest_Spruce, Forest_Balls, Forest_Trunks, OrangeFall, YellowFall, BluishTrees, Evergreen, NormalGrass, BluishGrass, YellowGrass, Viking_BlackSpearman
新单位已注册 = True
新单位 vikingClone=True, agent=True
已处理黑矛兵 Agent 数 = 3
----------------

---- [心跳] ----
dict 注册表条目数 = 23
dict 键 = Viking_Sword, Viking_SwordShield, Viking_Archer, Viking_Berserker, Viking_AxeThrower, Viking_Tank, Viking_TankArcher, Viking_Twohanded, Forest_Grass, Forest_Flowers, Forest_Tombstones, Forest_Shrooms, Forest_Spruce, Forest_Balls, Forest_Trunks, OrangeFall, YellowFall, BluishTrees, Evergreen, NormalGrass, BluishGrass, YellowGrass, Viking_BlackSpearman
新单位已注册 = True
新单位 vikingClone=True, agent=True
已处理黑矛兵 Agent 数 = 3
----------------

---- [心跳] ----
dict 注册表条目数 = 23
dict 键 = Viking_Sword, Viking_SwordShield, Viking_Archer, Viking_Berserker, Viking_AxeThrower, Viking_Tank, Viking_TankArcher, Viking_Twohanded, Forest_Grass, Forest_Flowers, Forest_Tombstones, Forest_Shrooms, Forest_Spruce, Forest_Balls, Forest_Trunks, OrangeFall, YellowFall, BluishTrees, Evergreen, NormalGrass, BluishGrass, YellowGrass, Viking_BlackSpearman
新单位已注册 = True
新单位 vikingClone=True, agent=True
已处理黑矛兵 Agent 数 = 3
----------------
[13:48:26.375][INFO] [WEAPON] 移除剑盾: shield=False, 禁用子对象 1 个
[13:48:26.379][INFO] [WEAPON] 已挂载长矛到 BlackSpearman_StrippedTemplate(Clone)(Clone) (localPos=(0.0, 0.2, 0.1), children=1)
[13:48:26.380][INFO] [AGENT] 黑矛兵 BlackSpearman_StrippedTemplate(Clone)(Clone) 攻击范围 range=0.11 radius=0.13 dmg=1.6 kb=2.5
[13:48:26.382][INFO] [Charge] Setup OK. speed=2.0 spear=True
[13:48:26.383][INFO] [WEAPON] 移除剑盾: shield=False, 禁用子对象 1 个
[13:48:26.385][INFO] [WEAPON] 已挂载长矛到 BlackSpearman_StrippedTemplate(Clone)(Clone) (localPos=(0.0, 0.2, 0.1), children=1)
[13:48:26.387][INFO] [AGENT] 黑矛兵 BlackSpearman_StrippedTemplate(Clone)(Clone) 攻击范围 range=0.11 radius=0.13 dmg=1.6 kb=2.5
[13:48:26.390][INFO] [Charge] Setup OK. speed=2.0 spear=True
[13:48:26.391][INFO] [WEAPON] 移除剑盾: shield=False, 禁用子对象 1 个
[13:48:26.392][INFO] [WEAPON] 已挂载长矛到 BlackSpearman_StrippedTemplate(Clone)(Clone) (localPos=(0.0, 0.2, 0.1), children=1)
[13:48:26.393][INFO] [AGENT] 黑矛兵 BlackSpearman_StrippedTemplate(Clone)(Clone) 攻击范围 range=0.11 radius=0.13 dmg=1.6 kb=2.5
[13:48:26.395][INFO] [Charge] Setup OK. speed=2.0 spear=True
[13:48:26.396][INFO] [SPAWN] 本艘敌舰生成黑矛兵 3 个（累计 6）

[SPAWN·黑矛兵首例] Agent name=BlackSpearman_StrippedTemplate(Clone)(Clone) vikingRef=Viking_BlackSpearman type=SwordShield brain=Swordsman
GameObject: BlackSpearman_StrippedTemplate(Clone)(Clone)
  · UnityEngine.Transform
  · UnityEngine.Animator
  · UnityEngine.SphereCollider
  · Voxels.TowerDefense.Agent
  · Voxels.TowerDefense.Death
  · Voxels.TowerDefense.Pirate
  · Voxels.TowerDefense.VikingAgent
  · Voxels.TowerDefense.Swordsman
  · Voxels.TowerDefense.Ragdoller
  · Voxels.TowerDefense.Body
  · Voxels.TowerDefense.KillAllEnemies
  · Voxels.TowerDefense.Stun
  · BadNorthBlackSpearman1_3.BlackSpearmanVisual
  · BadNorthBlackSpearman1_3.SpearChargeComponent
  · BadNorthBlackSpearman1_3.SpearStabAction
  GameObject: DebrisLauncher
    · UnityEngine.Transform
  GameObject: BodyAnim
    · UnityEngine.Transform
    GameObject: BodySprite
      · UnityEngine.Transform
      GameObject: BodySprite
        · UnityEngine.Transform
        · UnityEngine.SpriteRenderer
        · Voxels.TowerDefense.SpriteMagic.SpriteAnimator
      GameObject: Weapon [inactive]
        · UnityEngine.Transform
  GameObject: ShadowAnim
    · UnityEngine.Transform
    GameObject: Shadow
      · UnityEngine.Transform
      · UnityEngine.SpriteRenderer
      · Voxels.TowerDefense.SpriteMagic.BatchedSprite
      GameObject: Shadow
        · UnityEngine.Transform
        · UnityEngine.MeshRenderer
        · UnityEngine.MeshFilter
      GameObject: Shadow
        · UnityEngine.Transform
        · UnityEngine.MeshRenderer
        · UnityEngine.MeshFilter
  GameObject: Spear_BlackSpearman
    · UnityEngine.Transform
    GameObject: SpearAnim
      · UnityEngine.Transform
      GameObject: Spear_0
        · UnityEngine.Transform
        · UnityEngine.SpriteRenderer
        · Voxels.TowerDefense.SpriteMagic.BatchedSprite
        · Voxels.TowerDefense.LevelSprite


---- [心跳] ----
dict 注册表条目数 = 23
dict 键 = Viking_Sword, Viking_SwordShield, Viking_Archer, Viking_Berserker, Viking_AxeThrower, Viking_Tank, Viking_TankArcher, Viking_Twohanded, Forest_Grass, Forest_Flowers, Forest_Tombstones, Forest_Shrooms, Forest_Spruce, Forest_Balls, Forest_Trunks, OrangeFall, YellowFall, BluishTrees, Evergreen, NormalGrass, BluishGrass, YellowGrass, Viking_BlackSpearman
新单位已注册 = True
新单位 vikingClone=True, agent=True
已处理黑矛兵 Agent 数 = 6
----------------

---- [心跳] ----
dict 注册表条目数 = 23
dict 键 = Viking_Sword, Viking_SwordShield, Viking_Archer, Viking_Berserker, Viking_AxeThrower, Viking_Tank, Viking_TankArcher, Viking_Twohanded, Forest_Grass, Forest_Flowers, Forest_Tombstones, Forest_Shrooms, Forest_Spruce, Forest_Balls, Forest_Trunks, OrangeFall, YellowFall, BluishTrees, Evergreen, NormalGrass, BluishGrass, YellowGrass, Viking_BlackSpearman
新单位已注册 = True
新单位 vikingClone=True, agent=True
已处理黑矛兵 Agent 数 = 6
----------------

---- [心跳] ----
dict 注册表条目数 = 23
dict 键 = Viking_Sword, Viking_SwordShield, Viking_Archer, Viking_Berserker, Viking_AxeThrower, Viking_Tank, Viking_TankArcher, Viking_Twohanded, Forest_Grass, Forest_Flowers, Forest_Tombstones, Forest_Shrooms, Forest_Spruce, Forest_Balls, Forest_Trunks, OrangeFall, YellowFall, BluishTrees, Evergreen, NormalGrass, BluishGrass, YellowGrass, Viking_BlackSpearman
新单位已注册 = True
新单位 vikingClone=True, agent=True
已处理黑矛兵 Agent 数 = 6
----------------

---- [心跳] ----
dict 注册表条目数 = 23
dict 键 = Viking_Sword, Viking_SwordShield, Viking_Archer, Viking_Berserker, Viking_AxeThrower, Viking_Tank, Viking_TankArcher, Viking_Twohanded, Forest_Grass, Forest_Flowers, Forest_Tombstones, Forest_Shrooms, Forest_Spruce, Forest_Balls, Forest_Trunks, OrangeFall, YellowFall, BluishTrees, Evergreen, NormalGrass, BluishGrass, YellowGrass, Viking_BlackSpearman
新单位已注册 = True
新单位 vikingClone=True, agent=True
已处理黑矛兵 Agent 数 = 6
----------------

---- [心跳] ----
dict 注册表条目数 = 23
dict 键 = Viking_Sword, Viking_SwordShield, Viking_Archer, Viking_Berserker, Viking_AxeThrower, Viking_Tank, Viking_TankArcher, Viking_Twohanded, Forest_Grass, Forest_Flowers, Forest_Tombstones, Forest_Shrooms, Forest_Spruce, Forest_Balls, Forest_Trunks, OrangeFall, YellowFall, BluishTrees, Evergreen, NormalGrass, BluishGrass, YellowGrass, Viking_BlackSpearman
新单位已注册 = True
新单位 vikingClone=True, agent=True
已处理黑矛兵 Agent 数 = 6
----------------

---- [心跳] ----
dict 注册表条目数 = 23
dict 键 = Viking_Sword, Viking_SwordShield, Viking_Archer, Viking_Berserker, Viking_AxeThrower, Viking_Tank, Viking_TankArcher, Viking_Twohanded, Forest_Grass, Forest_Flowers, Forest_Tombstones, Forest_Shrooms, Forest_Spruce, Forest_Balls, Forest_Trunks, OrangeFall, YellowFall, BluishTrees, Evergreen, NormalGrass, BluishGrass, YellowGrass, Viking_BlackSpearman
新单位已注册 = True
新单位 vikingClone=True, agent=True
已处理黑矛兵 Agent 数 = 6
----------------

---- [心跳] ----
dict 注册表条目数 = 23
dict 键 = Viking_Sword, Viking_SwordShield, Viking_Archer, Viking_Berserker, Viking_AxeThrower, Viking_Tank, Viking_TankArcher, Viking_Twohanded, Forest_Grass, Forest_Flowers, Forest_Tombstones, Forest_Shrooms, Forest_Spruce, Forest_Balls, Forest_Trunks, OrangeFall, YellowFall, BluishTrees, Evergreen, NormalGrass, BluishGrass, YellowGrass, Viking_BlackSpearman
新单位已注册 = True
新单位 vikingClone=True, agent=True
已处理黑矛兵 Agent 数 = 6
----------------

---- [心跳] ----
dict 注册表条目数 = 23
dict 键 = Viking_Sword, Viking_SwordShield, Viking_Archer, Viking_Berserker, Viking_AxeThrower, Viking_Tank, Viking_TankArcher, Viking_Twohanded, Forest_Grass, Forest_Flowers, Forest_Tombstones, Forest_Shrooms, Forest_Spruce, Forest_Balls, Forest_Trunks, OrangeFall, YellowFall, BluishTrees, Evergreen, NormalGrass, BluishGrass, YellowGrass, Viking_BlackSpearman
新单位已注册 = True
新单位 vikingClone=True, agent=True
已处理黑矛兵 Agent 数 = 6
----------------

---- [心跳] ----
dict 注册表条目数 = 23
dict 键 = Viking_Sword, Viking_SwordShield, Viking_Archer, Viking_Berserker, Viking_AxeThrower, Viking_Tank, Viking_TankArcher, Viking_Twohanded, Forest_Grass, Forest_Flowers, Forest_Tombstones, Forest_Shrooms, Forest_Spruce, Forest_Balls, Forest_Trunks, OrangeFall, YellowFall, BluishTrees, Evergreen, NormalGrass, BluishGrass, YellowGrass, Viking_BlackSpearman
新单位已注册 = True
新单位 vikingClone=True, agent=True
已处理黑矛兵 Agent 数 = 6
----------------

---- [心跳] ----
dict 注册表条目数 = 23
dict 键 = Viking_Sword, Viking_SwordShield, Viking_Archer, Viking_Berserker, Viking_AxeThrower, Viking_Tank, Viking_TankArcher, Viking_Twohanded, Forest_Grass, Forest_Flowers, Forest_Tombstones, Forest_Shrooms, Forest_Spruce, Forest_Balls, Forest_Trunks, OrangeFall, YellowFall, BluishTrees, Evergreen, NormalGrass, BluishGrass, YellowGrass, Viking_BlackSpearman
新单位已注册 = True
新单位 vikingClone=True, agent=True
已处理黑矛兵 Agent 数 = 6
----------------

---- [心跳] ----
dict 注册表条目数 = 23
dict 键 = Viking_Sword, Viking_SwordShield, Viking_Archer, Viking_Berserker, Viking_AxeThrower, Viking_Tank, Viking_TankArcher, Viking_Twohanded, Forest_Grass, Forest_Flowers, Forest_Tombstones, Forest_Shrooms, Forest_Spruce, Forest_Balls, Forest_Trunks, OrangeFall, YellowFall, BluishTrees, Evergreen, NormalGrass, BluishGrass, YellowGrass, Viking_BlackSpearman
新单位已注册 = True
新单位 vikingClone=True, agent=True
已处理黑矛兵 Agent 数 = 6
----------------

---- [心跳] ----
dict 注册表条目数 = 23
dict 键 = Viking_Sword, Viking_SwordShield, Viking_Archer, Viking_Berserker, Viking_AxeThrower, Viking_Tank, Viking_TankArcher, Viking_Twohanded, Forest_Grass, Forest_Flowers, Forest_Tombstones, Forest_Shrooms, Forest_Spruce, Forest_Balls, Forest_Trunks, OrangeFall, YellowFall, BluishTrees, Evergreen, NormalGrass, BluishGrass, YellowGrass, Viking_BlackSpearman
新单位已注册 = True
新单位 vikingClone=True, agent=True
已处理黑矛兵 Agent 数 = 6
----------------

---- [心跳] ----
dict 注册表条目数 = 23
dict 键 = Viking_Sword, Viking_SwordShield, Viking_Archer, Viking_Berserker, Viking_AxeThrower, Viking_Tank, Viking_TankArcher, Viking_Twohanded, Forest_Grass, Forest_Flowers, Forest_Tombstones, Forest_Shrooms, Forest_Spruce, Forest_Balls, Forest_Trunks, OrangeFall, YellowFall, BluishTrees, Evergreen, NormalGrass, BluishGrass, YellowGrass, Viking_BlackSpearman
新单位已注册 = True
新单位 vikingClone=True, agent=True
已处理黑矛兵 Agent 数 = 6
----------------
[13:50:22.883][INFO] [Charge] 举矛 targetRot(euler)=(0.0, 355.1, 180.0) dir=(-0.08, 0.00, 1.00)
[13:50:22.887][INFO] [Charge] WIND-UP
[13:50:22.890][INFO] [Charge] 举矛 targetRot(euler)=(0.0, 354.9, 180.0) dir=(-0.09, 0.00, 1.00)
[13:50:22.892][INFO] [Charge] WIND-UP
[13:50:23.368][INFO] [Charge] 冲锋起点 pos=(-1.25, 0.02, -3.08) dir=(-0.08, 0.00, 1.00) onMain=True
[13:50:23.371][INFO] [Charge] 冲锋起点 pos=(-1.38, 0.17, -2.52) dir=(-0.09, 0.00, 1.00) onMain=True
[13:50:23.399][INFO] [Charge] 冲刺中 pos=(-1.26, 0.05, -2.96) navPos=(-1.26, 0.05, -2.96) spearWorldRot=(0.0, 354.9, 179.9) spearLocalRot=(0.0, 359.8, 179.9) spearLocalPos=(0.000, 0.168, 0.072)
[13:50:23.402][INFO] [Charge] 冲刺中 pos=(-1.39, 0.21, -2.39) navPos=(-1.39, 0.21, -2.39) spearWorldRot=(0.0, 354.7, 180.1) spearLocalRot=(0.0, 352.1, 180.1) spearLocalPos=(0.000, 0.168, 0.072)
[13:50:23.715][INFO] [Charge] 冲刺中 pos=(-1.37, 0.25, -1.70) navPos=(-1.37, 0.25, -1.70) spearWorldRot=(0.0, 355.1, 180.0) spearLocalRot=(0.0, 0.0, 180.0) spearLocalPos=(0.000, 0.168, 0.072)
[13:50:23.717][INFO] [Charge] 冲刺中 pos=(-1.39, 0.23, -1.48) navPos=(-1.39, 0.23, -1.48) spearWorldRot=(0.0, 354.9, 180.0) spearLocalRot=(0.0, 352.3, 180.0) spearLocalPos=(0.000, 0.168, 0.072)
[13:50:23.886][INFO] [Charge] 冲锋结束 位移=1.64 终点=(-1.31, 0.24, -1.46)
[13:50:23.889][INFO] [Charge] 冲锋结束 位移=2.21 终点=(-1.55, 0.15, -0.31)

---- [心跳] ----
dict 注册表条目数 = 23
dict 键 = Viking_Sword, Viking_SwordShield, Viking_Archer, Viking_Berserker, Viking_AxeThrower, Viking_Tank, Viking_TankArcher, Viking_Twohanded, Forest_Grass, Forest_Flowers, Forest_Tombstones, Forest_Shrooms, Forest_Spruce, Forest_Balls, Forest_Trunks, OrangeFall, YellowFall, BluishTrees, Evergreen, NormalGrass, BluishGrass, YellowGrass, Viking_BlackSpearman
新单位已注册 = True
新单位 vikingClone=True, agent=True
已处理黑矛兵 Agent 数 = 6
----------------

---- [心跳] ----
dict 注册表条目数 = 23
dict 键 = Viking_Sword, Viking_SwordShield, Viking_Archer, Viking_Berserker, Viking_AxeThrower, Viking_Tank, Viking_TankArcher, Viking_Twohanded, Forest_Grass, Forest_Flowers, Forest_Tombstones, Forest_Shrooms, Forest_Spruce, Forest_Balls, Forest_Trunks, OrangeFall, YellowFall, BluishTrees, Evergreen, NormalGrass, BluishGrass, YellowGrass, Viking_BlackSpearman
新单位已注册 = True
新单位 vikingClone=True, agent=True
已处理黑矛兵 Agent 数 = 6
----------------
